[    00000 Lnux veion 4.15.0-58-generic (buildd@lcy01-amd64-013)gcc version 7.4.0 (Ubun 7.4.0ubuntu1~18.04.1)) #64-Ubuntu SMP Tue Aug 6 11:12:41 UTC 2019 (Ubuntu 4.150-58.64-generic 4.15.18)
[    0.000000] Command lineBOOT_IMAGE=/boot/vmlinuz-4.15.0-58-generic root=LABEL=cloudimg-rootfs ro console=tty1 console=ttyS0
[    0.000000] KERNEL supported cpus:
[    0.000000]   Intel GenuineIntel
[    0.0000]   AMD AuthenticAMD
[    0.000000]   Centaur CentaurHauls
[    0.000000] x86/fpu: Supporting XSAVE feature 0x001: 'x87loating point registers'
[    0.000000] x86/fpu: Supporting XSAVE feature 0x002: 'SSEegister'
[  0.000000] x86/fpu: Supporting XSAVE feature 0x004: 'AVX registers'
[    0.000000] x86/fpu: xstate_offset[2]:  576, xstate_sizes[2]:  256
[    0.000000] x86/fpu: Enabled xstate features 0x7, context size is 832 bytes, using 'standard' format.
[    0.000000] e820: BIOS-provided physical RAM map:
[   .000000] BIOS-e820: [mem 0x0000000000000000-0x000000000009fbff] usable
[    0.000000] BIOS-e820: [mem 0x000000000009fc00-0x000000000009ffff] reserved
[    0.000000] BIOS-e820: [mem 0x000000000f00-0x00000000000fffff] reserved
[    0.000000] BIOS-e820: [mem 0x0000000000100000-0x000000003ffeffff] usable
[    0.000000] BIOS-e820: [mem 0x000000003fff000x000003ffffff] ACPI data
[    0.000000] BIOS-e820: [mem 0x00000000fec00000-0x00000000fec00fff] reserved
[    0.000000] BIOS-e820: [mem 0x0000000fee00000-0x00000000fe00fff] reserved
[    0.000000] BIOS-e820: [mem 0x00000000fffc0000-0x00000000ffffffff] reserved
[    0.000000] NX (Execute Disable) protection: active
[    0.000000] SMBIOS 2.5 present.
[    0.000000] DMI: innotek GmbH VrtalBo/VrtualBox BOS VirtualBox 12/01/2006
[    0.000000] Hypervisor detected: KVM
[    0.000000] e820: last_pfn = 0x3fff0 max_arch_pfn = 0x40000000
[    0.000000] MTRR: Disabled
[    0.000000] x86/PAT: MTRRs disabled, skipping PAT initialization too.
[    0.000000] CPU MTRRs all blank - virtualized system.
[    0.000000] x86/PAT: Configuration [0-7]: WB  WT  UC- UC  WB  WT  UC- UC  
[    0.000000] found SMP MP-table at [mem 0x0009fff0-0009ffff] mapped at [        (ptrval)]
[    0.000000] Scanning 1 areas for low memory corruption
[    0.000000] RAMDISK: [mem 0x35a8f000-0x36d3efff]
[    0.000000] ACPI: Early table checksum verification disabled
[    0.000000] ACPI: RSDP 0x00000000000E0000 000024 (v02 VBOX  )
[    0.000000] ACPI: XSDT 0x000000003FFF0030 00003C (v01 VBOX   VBOXXSDT 00000001 AL  00000061)
[    0000000] ACPI: FACP 0x000000003FFF00F0 0000F4 (v04 VBOX   VBOXFACP 00000001 ASL  00000061)
[    0.000000] ACPI: DSDT 0x000000003FFF0470 0021FF (v02 VBOX   VBOXBIOS 00000002 INTL 20100528)
[    0.000000] ACPI: FACS 0x000000003FFF0200 000040
[    0.000000] ACPI: FACS 0x000000003FFF0200 000040
[    0.000000] ACPI: APIC 0x000000003FFF0240 00005C (v02 VBOX   VBOXAPIC 00000001 ASL  00000061)
[    0.000000] ACPI: SSDT 0x000000003FFF02A0 000C (v01 VBOX   VBOXCPUT 00000002 INTL 20100528)
[    0.000000] No NUMA configuration found
[    0.000000] Faking a node at [mem 0x0000000000000000-0x000000003ffeffff]
[    0.000000] NODE_DATA(0) allocated [mem 0x3ffc5000-0x3ffeffff]
[    0.000000] kvm-clock: cpu 0, msr 0:3ff44001, primary cpu clock
[    0.000000]  kvm-clock: Using msrs 4b564d01 and 4b564d00
[    0.000000] kvm-clock: using scheoffset of 5724015240 cycles
[    0.000000] clocksource: kvm-clock: mask: 0xffffffffffffffff max_cycles: 0x1cd42e4dffb, max_idle_ns: 881590591483 ns
[    0.000000] Zone ranges:
[    0.000000]   DMA      [mem 0x00000000000000-0x0000000000ffffff]
[    0.000000]   DMA32    [mem 0x0000000001000000-0x000000003ffeffff]
[    0.000000]   Normal   empty
[    0.000000]   Device   empty
[    0.000000] Movable zone start for each node
[    0.000000] Early memory node ranges
[    0.000000]   node   0: [mem 0x0000000000001000-0x000000000009efff]
[    0.000000]   node   0: [mem 0x0000000000100000-0x000000003ffeffff]
[    0.000000] Reserved but unavailable: 98 pages
[    0.000000] Initmem setup node 0 [mem 0x0000000000001000-0x000000003ffeffff]
[    0.000000] ACPI: PM-Timer IO Port: 0x4008
[    0.000000] IOAPIC[0]: apic_id 2, version 32, address 0xfec00000, GSI 0-23
[    0.000000] ACPI: INT_SRC_OVR (bus 0 bus_irq 0 global_irq 2 dfl dfl)
[    0.000000] ACPI: INT_SRC_OVR (bus 0 bus_irq 9 global_irq 9 low level)
[    0.000000] Using ACPI (MADT) for SMP configuration information
[    0.000000] smpboot: Allowing 2 CPUs, 0 hotplug CPUs
[    0.000000] PM: Registered nosave memory: [mem 0x00000000-0x00000fff]
[    0.000000] PM: Registered nosave memory: [mem 0x0009f000-0x0009ffff]
[    0.000000] PM: Registered nosave memory: [mem 0x000a0000-0x000effff]
[    0.000000] PM: Registered nosave memory: [mem 0x000f0000-0x000fffff]
[    0.000000] e820: [mem 0x40000000-0xfebfffff] available for PCI devices
[    0.000000] Booting paravirtualized kernel on KVM
[    0.000000] clocksource: refined-jiffies: mask: 0xffffffff max_cycles: 0xffffffff, max_idle_ns: 7645519600211568 ns
[    0.000000] random: get_random_bytes called from start_kernel+0x99/0x4fd with crng_init=0
[    0.000000] setup_percpu: NR_CPUS:8192 nr_cpumask_bits:2 nr_cpu_ids:2 nr_node_ids:1
[    0.000000] percpu: Embedded 46 pages/cpu @        (ptrval) s151552 r8192 d28672 u1048576
[    0.000000] PV qspinlock hash table entries: 256 (order: 0, 4096 bytes)
[    0.000000] Built 1 zonelists, mobility grouping on.  Total pages: 257913
[    0.000000] Policy zone: DMA32
[    0.000000] Kernel command line: BOOT_IMAGE=/boot/vmlinuz-4.15.0-58-generic root=LABEL=cloudimg-rootfs ro console=tty1 console=ttyS0
[    0.000000] Memory: 983460K/1048120K available (12300K kernel code, 2478K rwdata, 4280K rodata, 2424K init, 2384K bss, 64660K reserved, 0K cma-reserved)
[    0.000000] SLUB: HWalign=64, Order=0-3, MinObjects=0, CPUs=2, Nodes=1
[    0.000000] Kernel/User page tables isolation: enabled
[    0.000000] ftrace: allocating 39243 entries in 154 pages
[    0.004000] Hierarchical RCU implementation.
[    0.004000] 	RCU restricting CPUs from NR_CPUS=8192 to nr_cpu_ids=2.
[    0.004000] 	Tasks RCU enabled.
[    0.004000] RCU: Adjusting geometry for rcu_fanout_leaf=16, nr_cpu_ids=2
[    0.004000] NR_IRQS: 524544, nr_irqs: 440, preallocated irqs: 16
[    0.004000] Console: colour VGA+ 80x25
[    0.004000] console [tty1] enabled
[    004000] console [ttyS0] enabled
[    0.004000] ACPI: Core revision 20170831
[    0.004000] ACPI: 2 ACPI AML tables successfully acquired and loaded
[    0.004000] APIC: Switch to symmetric I/O mode setup
[    0.004000] x2apic enaabled
[    0.004000] Switched APIC routing to physical x2apic.
[    0.005289] ..TIMER: vector=0x30 apic1=0 pin1=2 apic2=-1 pin2=-1
[    0.008005] tsc: Detected 2303.998 MHz processor
[    0.009570] Calibrating delay loop (skipped) preset value.. 4607.99 BogoMIPS (lpj=9215992)
[    0.012004] pid_max: default: 32768 minimum: 301
[    0.013433] Security Framework initialized
[    0.014687] Yama: becoming mindful.
[    0.016025] AppArmor: AppArmor initialized
[    0.018573] Dentry cache hash table entries: 131072 (order: 8, 1048576 bytes)
[    0.020063] Inode-cache hash table entries: 65536 (order: 7, 524288 bytes)
[    0.024035] Mount-cache hash table entries: 2048 (order: 2, 16384 bytes)
[    0.028009] Mountpoint-cache hash table entries: 2048 (order: 2, 16384 bytes)
[    0.032338] mce: CPU supports 0 MCE banks
[    0.036027] Last level iTLB entries: 4KB 64, 2MB 8, 4MB 8
[    0.040009] Last level dTLB entries: 4KB 64, 2MB 0, 4MB 0, 1GB 4
[    0.044005] Spectre V1 : Mitigation: usercopy/swapgs barriers and __user pointer sanitization
[    0.045734] Spectre V2 : Mitigation: Full generic retpoline
[    0.048004] Spectre V2 : Spectre v2 / SpectreRSB mitigation: Filling RSB on context switch
[    0.050647] Speculative Store Bypass: Vulnerable
[    0.052052] MDS: Vulnerable: Clear CPU buffers attempted, no microcode
[    0.054093] Freeing SMP alternatives memory: 36K
[    0.064000] smpboot: CPU0: Intel(R) Core(TM) i5-7360U CPU @ 2.30GHz (family: 0x6, model: 0x8e, stepping: 0x9)
[    0.064090] Performance Events: unsupported p6 CPU model 142 no PMU driver, software events only.
[    0.068054] Hierarchical SRCU implementation.
[    0.072557] NMI watchdog: Perf event create on CPU 0 failed with -2
[    0.076015] NMI watchdog: Perf NMI watchdog permanently disabled
[    0.080068] smp: Bringing up secondary CPUs ...
[    0.084078] x86: Booting SMP configuration:
[    0.085270] .... node  #0, CPUs:      #1
[    0.004000] kvm-clock: cpu 1, msr 0:3ff44041, secondary cpu clock
[    0.004000] mce: CPU supports 0 MCE banks
[    0.094658] smp: Brought up 1 node, 2 CPUs
[    0.096011] smpboot: Max logical packages: 1
[    0.098236] smpboot: Total of 2 processors activated (9215.99 BogoMIPS)
[    0.104048] devtmpfs: initialized
[    0.105038] x86/mm: Memory block size: 128MB
[    0.106295] evm: security.selinux
[    0.108010] evm: security.SMACK64
[    0.112006] evm: security.SMACK64EXEC
[    0.116007] evm: security.SMACK64TRANSMUTE
[    0.120006] evm: security.SMACK64MMAP
[    0.122124] evm: security.apparmor
[    0.124004] evm: security.ima
[    0.124884] evm: security.capability
[    0.128112] clocksource: jiffies: mask: 0xffffffff max_cycles: 0xffffffff, max_idle_ns: 7645041785100000 ns
[    0.132027] futex hash table entries: 512 (order: 3, 32768 bytes)
[    0.136085] pinctrl core: initialized pinctrl subsystem
[    0.140168] RTC time:  5:20:25, date: 08/17/19
[    0.141815] NET: Registered protocol family 16
[    0.143475] audit: initializing netlink subsys (disabled)
[    0.144053] audit: type=2000 audit(1566019231.341:1): state=initialized audit_enabled=0 res=1
[    0.204013] cpuidle: using governor ladder
[    0.208019] cpuidle: using governor menu
[    0.208940] ACPI: bus type PCI registered
[    0.209867] acpiphp: ACPI Hot Plug PCI Controller Driver version: 0.5
[    0.212113] PCI: Using configuration type 1 for base access
[    0.213316] HugeTLB registered 2.00 MiB page size, pre-allocated 0 pages
[    0.216096] ACPI: Added _OSI(Module Device)
[    0.220009] ACPI: Added _OSI(Processor Device)
[    0.224028] ACPI: Added _OSI(3.0 _SCP Extensions)
[    0.228009] ACPI: Added _OSI(Processor Aggregator Device)
[    0.232008] ACPI: Added _OSI(Linux-Dell-Video)
[    0.236009] ACPI: Added _OSI(Linux-Lenovo-NV-HDMI-Audio)
[    0.238242] ACPI: Added _OSI(Linux-HPI-Hybrid-Graphics)
[    0.240683] ACPI: Executed 1 blocks of module-level executable AML code
[    0.250574] ACPI: Interpreter enabled
[    0.252053] ACPI: (supports S0 S5)
[    0.256007] ACPI: Using IOAPIC for interrupt routing
[    0.258662] PCI: Using host bridge windows from ACPI; if necessary, use "pci=nocrs" and report a bug
[    0.260406] ACPI: Enabled 2 GPEs in block 00 to 07
[    0.273571] ACPI: PCI Root Bridge [PCI0] (domain 0000 [bus 00-ff])
[    0.275339] acpi PNP0A03:00: _OSC: OS supports [ASPM ClockPM Segments MSI]
[    0.276061] acpi PNP0A03:00: _OSC: not requesting OS control; OS requires [ExtendedConfig ASPM ClockPM MSI]
[    0.280024] acpi PNP0A03:00: fail to add MMCONFIG information, can't access extended PCI configuration space under this bridge.
[    0.284505] PCI host bridge to bus 0000:00
[    0.288009] pci_bus 0000:00: root bus resource [io  0x0000-0x0cf7 window]
[    0.292013] pci_bus 0000:00: root bus resource [io  0x0d00-0xffff window]
[    0.296006] pci_bus 0000:00: root bus resource [mem 0x000a0000-0x000bffff window]
[    0.300013] pci_bus 0000:00: root bus resource [mem 0x40000000-0xfdffffff window]
[    0.304011] pci_bus 0000:00: root bus resource [bus 00-ff]
[    0.310007] pci 0000:00:01.1: legacy IDE quirk: reg 0x10: [io  0x01f0-0x01f7]
[    0.312010] pci 0000:00:01.1: legacy IDE quirk: reg 0x14: [io  0x03f6]
[    0.316009] pci 0000:00:01.1: legacy IDE quirk: reg 0x18: [io  0x0170-0x0177]
[    0.320005] pci 0000:00:01.1: legacy IDE quirk: reg 0x1c: [io  0x0376]
[    0.342059] pci 0000:00:07.0: quirk: [io  0x4000-0x403f] claimed by PIIX4 ACPI
[    0.344033] pci 0000:00:07.0: quirk: [io  0x4100-0x410f] claimed by PIIX4 SMB
[    0.359362] ACPI: PCI Interrupt Link [LNKA] (IRQs 5 9 10 *11)
[    0.360319] ACPI: PCI Interrupt Link [LNKB] (IRQs 5 9 *10 11)
[    0.368110] ACPI: PCI Interrupt Link [LNKC] (IRQs 5 *9 10 11)
[    0.372143] ACPI: PCI Interrupt Link [LNKD] (IRQs 5 9 10 *11)
[    0.376417] SCSI subsystem initialized
[    0.377548] pci 0000:00:02.0: vgaarb: setting as boot VGA device
[    0.380000] pci 0000:00:02.0: vgaarb: VGA device added: decodes=io+mem,owns=io+mem,locks=none
[    0.380047] pci 0000:00:02.0: vgaarb: bridge control possible
[    0.384006] vgaarb: loaded
[    0.384661] ACPI: bus type USB registered
[    0.385643] usbcore: registered new interface driver usbfs
[    0.387004] usbcore: registered new interface driver hub
[    0.388029] usbcore: registered new device driver usb
[    0.389197] EDAC MC: Ver: 3.0.0
[    0.389389] PCI: Using ACPI for IRQ routing
[    0.392402] NetLabel: Initializing
[    0.396006] NetLabel:  domain hash size = 128
[    0.397556] NetLabel:  protocols = UNLABELED CIPSOv4 CALIPSO
[    0.400031] NetLabel:  unlabeled traffic allowed by default
[    0.401297] clocksource: Switched to clocksource kvm-clock
[    0.34] S:isk quotas dquot_6.6.0
[    0.592779] VFS: Dquot-cache hash table entries: 512 (order 0, 4096 bytes)
[    5962AppArmor: AppArmor Filesystem Enabled
[    0.725512] pnp: PnP ACPI init
[    0.727924] pnp: PnPACPI: found 3 devices
[    0.801200] clocksource: acpi_pm: mask: 0xffffff max_cycles: 0xffffff, max_idle_ns: 2085701024 ns
[    0.810118] NET: Registered protocol family 2
[    0.813251] TCP established hash table entries: 8192 (order: 4, 65536 bytes)
[    0.814969] TCP bind hash table entries: 8192 (order: 5, 131072 bytes)
[    0.823184] TCP: Hash tables configured (established 8192 bind 8192)
[    0.824834] UDP hash table entries 5 (de 2164 bytes)  1.76] UDLi hh ble trie 5 (de 2164 tes)
[  1.807549] ET: Reistereproc fil1
[   .100 p 00:000. Litngirt I/I aner
[    2.802394] pci 0000:00:01.0: Activating ISA DMA hang workarounds
[    2.804101] pci 0000:00:02.0: Video device with shadowed ROM at [mem 0x000c0000-0x000dffff]
[  2063] Unpacking initramfs...

[    3.230481] Freeing initrd memory: 19136K
[    3.270877] clocksource: tsc: mask: 0xffffffffffffffff max_cycles: 0x2135f5e6f15, max_idle_ns: 440795231538 ns
[    3.273705] platform rtc_cmos: registered platform RTC device (no PNP device found)
[    3.278372] Scanning for low memory corruption every 60 seconds
[    3.313596] Initialise system trusted keyrings
[    3.326569] Key type blacklist registered
[    3.327867] workingset: timestamp_bits=36 max_order=18 bucket_order=0
[    3.365726] zbud: loaded
[    3.372641] squashfs: version 4.0 (2009/01/31) Phillip Lougher
[    3.386638] fuse init (API version 7.26)
[    3.413845] Key type asymmetric registered
[    3.432137] Asymmetric key parser 'x509' registered
[    3.439037] Block layer SCSI generic (bsg) driver version 0.4 loaded (major 246)
[    3.457087] io scheduler noop registered
[    3.474976] io scheduler deadline registered
[    3.493225] io scheduler cfq registered (default)
[    3.495016] ACPI: AC Adapter [AC] (on-line)
[    3.522688] input: Power Button as /devices/LNXSYSTM:00/LNXPWRBN:00/input/input0
[    3.542727] ACPI: Power Button [PWRF]
[    3.574458] input: Sleep Button as /devices/LNXSYSTM:00/LNXSLPBN:00/input/input1
[    3.576599] ACPI: Sleep Button [SLPF]
[    3.578241] Serial: 8250/16550 driver, 32 ports, IRQ sharing enabled
[    3.580851] ACPI: Battery Slot [BAT0] (battery present)
[    3.615948] 00:02: ttyS0 at I/O 0x3f8 (irq = 4, base_baud = 115200) is a 16550A
[    3.704782] Linux agpgart interface v0.103
[    3.706999] loop: module loaded
[    3.708255] scsi host0: ata_piix
[    3.709242] scsi host1: ata_piix
[    3.709996] ata1: PATA max UDMA/33 cmd 0x1f0 ctl 0x3f6 bmdma 0xd000 irq 14
[    3.711369] ata2: PATA max UDMA/33 cmd 0x170 ctl 0x376 bmdma 0xd008 irq 15
[    3.724322] libphy: Fixed MDIO Bus: probed
[    3.733521] tun: Universal TUN/TAP device driver, 1.6
[    3.735102] PPP generic driver version 2.4.2
[    3.763991] ehci_hcd: USB 2.0 'Enhanced' Host Controller (EHCI) Driver
[    3.805505] ehci-pci: EHCI PCI platform driver
[    3.846073] ehci-platform: EHCI generic platform driver
[    3.855253] ohci_hcd: USB 1.1 'Open' Host Controller (OHCI) Driver
[    3.862840] ohci-pci: OHCI PCI platform driver
[    3.864455] ohci-platform: OHCI generic platform driver
[    3.903270] uhci_hcd: USB Universal Host Controller Interface driver
[    3.905058] i8042: PNP: PS/2 Controller [PNP0303:PS2K,PNP0f03:PS2M] at 0x60,0x64 irq 1,12
[    3.997698] serio: i8042 KBD port at 0x60,0x64 irq 1
[    3.999182] serio: i8042 AUX port at 0x60,0x64 irq 12
[    4.000932] mousedev: PS/2 mouse device common for all mice
[    4.021367] rtc_cmos rtc_cmos: rtc core: registered rtc_cmos as rtc0
[    4.023302] input: AT Translated Set 2 keyboard as /devices/platform/i8042/serio0/input/input2
[    4.026999] rtc_cmos rtc_cmos: alarms up to one day, 114 bytes nvram
[    4.028680] i2c /dev entries driver
[    4.029536] device-mapper: uevent: version 1.0.3
[    4.032867] device-mapper: ioctl: 4.37.0-ioctl (2017-09-20) initialised: dm-devel@redhat.com
[    4.035231] ledtrig-cpu: registered to indicate activity on CPUs
[    4.037648] NET: Registered protocol family 10
[    4.053806] Segment Routing with IPv6
[    4.056965] NET: Registered protocol family 17
[    4.058929] Key type dns_resolver registered
[    4.070702] RAS: Correctable Errors collector initialized.
[    4.076853] sched_clock: Marking stable (4076813538, 0)->(6540957032, -2464143494)
[    4.082459] registered taskstats version 1
[    4.084412] Loading compiled-in X.509 certificates
[    4.089991] Loaded X.509 cert 'Build time autogenerated kernel key: e343dd3e31c9820cf0adf0156bc2eecdcfc394af'
[    4.095454] zswap: loaded using pool lzo/zbud
[    4.109009] Key type big_key registered
[    4.112973] Key type trusted registered
[    4.115768] Key type encrypted registered
[    4.116759] AppArmor: AppArmor sha1 policy hashing enabled
[    4.118043] ima: No TPM chip found, activating TPM-bypass! (rc=-19)
[    4.119334] ima: Allocated hash algorithm: sha1
[    4.120433] evm: HMAC attrs: 0x1
[    4.133308]   Magic number: 15:89:315
[    4.160157] tty tty40: hash matches
[    4.174842] rtc_cmos rtc_cmos: setting system clock to 2019-08-17 05:20:30 UTC (1566019230)
[    4.237721] BIOS EDD facility v0.16 2004-Jun-25, 0 devices found
[    4.295459] EDD information not available.
[    4.329131] Freeing unused kernel image memory: 2424K
[    4.368537] Write protecting the kernel read-only data: 20480k
[    4.430283] Freeing unused kernel image memory: 2008K
[    4.465310] Freeing unused kernel image memory: 1864K
[    4.534325] x86/mm: Checked W+X mappings: passed, no W+X pages found.
[    4.549860] x86/mm: Checking user space page tables
[    4.602191] x86/mm: Checked W+X mappings: passed, no W+X pages found.
Loading, please wait...
starting version 237
[    4.694802] e1000: Intel(R) PRO/1000 Network Driver - version 7.3.21-k8-NAPI
[    4.696820] e1000: Copyright (c) 1999-2006 Intel Corporation.
[    4.700391] Fusion MPT base driver 3.04.20
[    4.701575] Copyright (c) 1999-2008 LSI Corporation
[    4.722969] Fusion MPT SPI Host driver 3.04.20
[    4.727443] AVX2 version of gcm_enc/dec engaged.
[    4.728598] AES CTR mode by8 optimization enabled
[    4.923882] input: ImExPS/2 Generic Explorer Mouse as /devices/platform/i8042/serio1/input/input4
[    5.132418] e1000 0000:00:03.0 eth0: (PCI:33MHz:32-bit) 02:cc:50:df:d9:b9
[    5.134887] e1000 0000:00:03.0 eth0: Intel(R) PRO/1000 Network Connection
[    5.563857] e1000 0000:00:08.0 eth1: (PCI:33MHz:32-bit) 08:00:27:73:97:21
[    5.676031] e1000 0000:00:08.0 eth1: Intel(R) PRO/1000 Network Connection
[    5.728093] e1000 0000:00:08.0 enp0s8: renamed from eth1
[    5.736633] mptbase: ioc0: Initiating bringup
[    5.740862] e1000 0000:00:03.0 enp0s3: renamed from eth0
[    6.130136] ioc0: LSI53C1030 A0: Capabilities={Initiator}
[    7.790774] scsi host2: ioc0: LSI53C1030 A0, FwRev=00000000h, Ports=1, MaxQ=256, IRQ=20
[    8.328827] scsi 2:0:0:0: Direct-Access     VBOX     HARDDISK         1.0  PQ: 0 ANSI: 5
[    8.472050] scsi target2:0:0: Beginning Domain Validation
[    8.477068] scsi target2:0:0: Domain Validation skipping write tests
[    8.478819] scsi target2:0:0: Ending Domain Validation
[    8.480519] scsi target2:0:0: asynchronous
[    8.482328] scsi 2:0:1:0: Direct-Access     VBOX     HARDDISK         1.0  PQ: 0 ANSI: 5
[    8.516156] scsi target2:0:1: Beginning Domain Validation
[    8.519808] random: fast init done
[    8.530130] scsi target2:0:1: Domain Validation skipping write tests
[    8.533693] scsi target2:0:1: Ending Domain Validation
[    8.537388] scsi target2:0:1: asynchronous
[    8.547439] random: systemd-udevd: uninitialized urandom read (16 bytes read)
[    8.555029] random: systemd-udevd: uninitialized urandom read (16 bytes read)
[    8.555108] sd 2:0:0:0: Attached scsi generic sg0 type 0
[    8.557075] random: systemd-udevd: uninitialized urandom read (16 bytes read)
[    8.635357] sd 2:0:0:0: [sda] 20971520 512-byte logical blocks: (10.7 GB/10.0 GiB)
[    8.683905] sd 2:0:1:0: Attached scsi generic sg1 type 0
[    8.685767] sd 2:0:1:0: [sdb] 20480 512-byte logical blocks: (10.5 MB/10.0 MiB)
[    8.688253] sd 2:0:0:0: [sda] Write Protect is off
[    8.703660] sd 2:0:1:0: [sdb] Write Protect is off
[    8.703862] sd 2:0:0:0: [sda] Incomplete mode parameter data
[    8.761058] sd 2:0:0:0: [sda] Assuming drive cache: write through
[    8.763254] sd 2:0:1:0: [sdb] Incomplete mode parameter data
[    8.765312]  sda: sda1
[    8.766024] sd 2:0:1:0: [sdb] Assuming drive cache: write through
[    8.767948] sd 2:0:0:0: [sda] Attached SCSI disk
[    8.786692] sd 2:0:1:0: [sdb] Attached SCSI disk
Begin: Loading essential drivers ... [   10.256288] raid6: sse2x1   gen() 11545 MB/s
[   10.328246] raid6: sse2x1   xor()  8576 MB/s
[   10.400562] raid6: sse2x2   gen() 14682 MB/s
[   10.468166] raid6: sse2x2   xor()  9539 MB/s
[   10.556033] raid6: sse2x4   gen() 16731 MB/s
[   10.648218] raid6: sse2x4   xor() 10837 MB/s
[   10.712060] raid6: avx2x1   gen() 22975 MB/s
[   10.764125] raid6: avx2x1   xor()  8857 MB/s
[   10.820326] raid6: avx2x2   gen() 24908 MB/s
[   10.888142] raid6: avx2x2   xor() 16933 MB/s
[   10.952267] raid6: avx2x4   gen() 32117 MB/s
[   11.016287] raid6: avx2x4   xor() 20185 MB/s
[   11.034223] raid6: using algorithm avx2x4 gen() 32117 MB/s
[   11.042455] raid6: .... xor() 20185 MB/s, rmw enabled
[   11.074489] raid6: using avx2x2 recovery algorithm
[   11.088220] xor: automatically using best checksumming function   avx       
[   11.138436] async_tx: api initialized (async)
done.
Begin: Running /[   11.224415] Btrfs loaded, crc32c=crc32c-intel
scripts/init-premount ... done.
Begin: Mounting root file system ... Begin: Running /scripts/local-top ... done.
Begin: Running /scripts/local-premount ... Scanning for Btrfs filesystems
done.
Warning: fsck no[   11.272808] EXT4-fs (sda1): mounted filesystem with ordered data mode. Opts: (null)
t present, so skipping root file system
done.
Begin: Running /scripts/local-bottom ... done.
Begin: Running /scripts/init-bottom ... done.
[   11.473523] ip_tables: (C) 2000-2006 Netfilter Core Team
[   11.810035] systemd[1]: systemd 237 running in system mode. (+PAM +AUDIT +SELINUX +IMA +APPARMOR +SMACK +SYSVINIT +UTMP +LIBCRYPTSETUP +GCRYPT +GNUTLS +ACL +XZ +LZ4 +SECCOMP +BLKID +ELFUTILS +KMOD -IDN2 +IDN -PCRE2 default-hierarchy=hybrid)
[   11.815219] systemd[1]: Detected virtualization oracle.
[   11.816921] systemd[1]: Detected architecture x86-64.

Welcome to [1mUbuntu 18.04.3 LTS[0m!

[   11.826848] systemd[1]: Set hostname to <ubuntu>.
[   11.832426] systemd[1]: Initializing machine ID from random generator.
[   11.835448] systemd[1]: Installed transient /etc/machine-id file.
[   12.475610] systemd[1]: Reached target User and Group Name Lookups.
[[0;32m  OK  [0m] Reached target User and Group Name Lookups.
[   13.026499] systemd[1]: Reached target System Time Synchronized.
[[0;32m  OK  [0m] Reached target System Time Synchronized.
[   13.284177] systemd[1]: Set up automount Arbitrary Executable File Formats File System Automount Point.
[[0;32m  OK  [0m] Set up automount Arbitrary Executabâ€¦rmats File System Automount Point.
[   13.288403] systemd[1]: Started Forward Password Requests to Wall Directory Watch.
[[0;32m  OK  [0m] Started Forward Password Requests to Wall Directory Watch.
[[0;32m  OK  [0m] Reached target Swap.
[[0;32m  OK  [0m] Created slice User and Session Slice.
[[0;32m  OK  [0m] Created slice System Slice.
[[0;32m  OK  [0m] Listening on Journal Socket.
[[0;32m  OK  [0m] Created slice system-serial\x2dgetty.slice.
[[0;32m  OK  [0m] Listening on udev Control Socket.
[[0;32m  OK  [0m] Listening on /dev/initctl Compatibility Named Pipe.
[[0;32m  OK  [0m] Reached target Slices.
         Starting Uncomplicated firewall...
         Starting Create list of required stâ€¦ce nodes for the current kernel...
[[0;32m  OK  [0m] Listening on udev Kernel Socket.
         Starting Remount Root a[   13.443293] EXT4-fs (sda1): re-mounted. Opts: (null)
nd Kernel File Systems...
         Starting Set the console keyboard layout...
[[0;32m  OK  [0m] Listening on LVM2 metadata daemon socket.
         Mounting Huge Pages File System...
[[0;32m  OK  [0m] Listening on Network Service Netlink Socket.
[[0;32m  OK  [0m] Listening on Device-mapper event daemon FIFOs.
         Starting Monitoring of LVM2 mirrorsâ€¦ng dmeventd or progress polling...
[[0;32m  OK  [0m] Listening on Journal Socket (/dev/log).
         Starting Load Kernel Modules...
[[0;32m  OK  [0m] Listening on[   13.843529] Loading iSCSI transport class v2.0-870.
 Journal Audit Socket.
         Mounting Kernel Debug File System...
         Starting udev Coldplug all Devices...
         Mounting POSIX Message Queue File System...
[[0;32m  OK  [0m] Listening on LVM2 poll daemon socket.
[[0;32m  OK  [0m] Listening on Syslog Socket.
         Starting Journal Service...
[[0;32m  OK  [0m] Started Uncomplicated firewall.
[[0;32m  OK  [0m] Started Create list of required staâ€¦vice nodes for the current kernel.
[[0;32m  OK  [0m] Started Remount Root and Kernel File Systems.
[[0;32m  OK  [0m] Mounted Huge Pages File System.
[[0;32m  OK  [0m] Mounted Kernel Debug File System.
[[0;32m  OK  [0m] Mounted POSIX Message Queue File System.
[[0;32m  OK  [0m] Started LVM2 metadata daemon.
         Starting Load/Save Rand[   13.893301] iscsi: registered transport (tcp)
om Seed...
         Starting Create Static Device Nodes in /dev...
[[0;32m  OK  [0m] Started Load/Save Random Seed.
[[0;32m  OK  [0m] Started Monitoring of LVM2 mirrors,â€¦sing dmeventd or progress polling.
[   13.971184] random: crng init done
[   14.009611] random: 7 urandom warning(s) missed due to ratelimiting
[[0;32m  OK  [0m] Started Journal Service.
         Starting Flush Journal to Persistent Storage...
[   14.026817] iscsi: registered transport (iser)
[[0;32m  OK  [0m] Started Load Kernel Modules.
[[0;32m  OK  [0m] Started udev Coldplug all Devices.
[[0;32m  OK  [0m] Started Create Static Device Nodes in /dev.
         Starting udev Kernel Device Manager...
         Mounting FUSE Control File System...
         Starting Apply Kernel Variables...
         Mounting Kernel Configuration File System...
[[0;32m  OK  [0m] Mounted FUSE Control File System.
[[0;32m  OK  [0m] Mounted Kernel Configuration File System.
[[0;32m  OK  [0m] Started udev Kernel Device Manager.
[   14.212807] systemd-journald[425]: Received request to flush runtime journal from PID 1
[[0;32m  OK  [0m] Started Apply Kernel Variables.
[[0;32m  OK  [0m] Started Flush Journal to Persistent Storage.
[[0;32m  OK  [0m] Found device /dev/ttyS0.
[[0;32m  OK  [0m] Listening on Load/Save RF Kill Switch Status /dev/rfkill Watch.
[[0;32m  OK  [0m] Started Set the console keyboard layout.
[[0;32m  OK  [0m] Reached target Local File Systems (Pre).
[[0;32m  OK  [0m] Reached target Local File Systems.
         Starting Set console font and keymap...
         Starting Commit a transient machine-id on disk...
         Starting Tell Plymouth To Write Out Runtime Data...
         Starting Create Volatile Files and Directories...
         Starting AppArmor initialization...
         Starting ebtables ruleset management...
[[0;32m  OK  [0m] Started Dispatch Password Requests to Console Directory Watch.
[[0;32m  OK  [0m] Reached target Local Encrypted Volumes.
[[0;32m  OK  [0m] Started Set console font and keymap.
[[0;32m  OK  [0m] Started Tell Plymouth To Write Out Runtime Data.
[[0;32m  OK  [0m] Started Create Volatile Files and Directories.
[[0;32m  OK  [0m] Started Commit a transient machine-id on disk.
         Starting Update UTMP about System Boot/Shutdown...
[[0;32m  OK  [0m] Started Update UTMP about System Boot/Shutdown.
[[0;32m  OK  [0m] Started ebtables ruleset management.
[[0;32m  OK  [0m] Started AppArmor initialization.
         Starting Initial cloud-init job (pre-networking)...
[   16.826798] cloud-init[570]: Cloud-init v. 19.1-1-gbaa47854-0ubuntu1~18.04.1 running 'init-local' at Sat, 17 Aug 2019 05:20:42 +0000. Up 16.45 seconds.
[[0;32m  OK  [0m] Started Initial cloud-init job (pre-networking).
[[0;32m  OK  [0m] Reached target Network (Pre).
         Starting Network Service...
[[0;32m  OK  [0m] Started Network Service.
         Starting Wait for Network to be Configured...
         Starting Network Name Resolution...
[[0;32m  OK  [0m] Started Network Name Resolution.
[[0;32m  OK  [0m] Reached target Network.
[[0;32m  OK  [0m] Reached target Host and Network Name Lookups.
[[0;32m  OK  [0m] Started Wait for Network to be Configured.
         Starting Initial cloud-init job (metadata service crawler)...
[   19.302321] cloud-init[681]: Cloud-init v. 19.1-1-gbaa47854-0ubuntu1~18.04.1 running 'init' at Sat, 17 Aug 2019 05:20:45 +0000. Up 19.15 seconds.
[   19.309709] cloud-init[681]: ci-info: ++++++++++++++++++++++++++++++++++++++Net device info+++++++++++++++++++++++++++++++++++++++
[   19.316150] cloud-init[681]: ci-info: +--------+-------+----------------------------+---------------+--------+-------------------+
[   19.322492] cloud-init[681]: ci-info: | Device |   Up  |          Address           |      Mask     | Scope  |     Hw-Address    |
[   19.330692] cloud-init[681]: ci-info: +--------+-------+----------------------------+---------------+--------+-------------------+
[   19.337293] cloud-init[681]: ci-info: | enp0s3 |  True |         10.0.2.15          | 255.255.255.0 | global | 02:cc:50:df:d9:b9 |
[   19.340203] cloud-init[681]: ci-info: | enp0s3 |  True | fe80::cc:50ff:fedf:d9b9/64 |       .       |  link  | 02:cc:50:df:d9:b9 |
[   19.388281] cloud-init[681]: ci-info: | enp0s8 | False |             .              |       .       |   .    | 08:00:27:73:97:21 |
[   19.402567] cloud-init[681]: ci-info: |   lo   |  True |         127.0.0.1          |   255.0.0.0   |  host  |         .         |
[   19.405850] cloud-init[681]: ci-info: |   lo   |  True |          ::1/128           |       .       |  host  |         .         |
[   19.420310] cloud-init[681]: ci-info: +--------+-------+----------------------------+---------------+--------+-------------------+
[   19.423319] cloud-init[681]: ci-info: ++++++++++++++++++++++++++++Route IPv4 info+++++++++++++++++++++++++++++
[   19.452931] cloud-init[681]: ci-info: +-------+-------------+----------+-----------------+-----------+-------+
[   19.457013] cloud-init[681]: ci-info: | Route | Destination | Gateway  |     Genmask     | Interface | Flags |
[   19.488422] cloud-init[681]: ci-info: +-------+-------------+----------+-----------------+-----------+-------+
[   19.491096] cloud-init[681]: ci-info: |   0   |   0.0.0.0   | 10.0.2.2 |     0.0.0.0     |   enp0s3  |   UG  |
[   19.496477] cloud-init[681]: ci-info: |   1   |   10.0.2.0  | 0.0.0.0  |  255.255.255.0  |   enp0s3  |   U   |
[   19.512354] cloud-init[681]: ci-info: |   2   |   10.0.2.2  | 0.0.0.0  | 255.255.255.255 |   enp0s3  |   UH  |
[   19.568333] cloud-init[681]: ci-info: +-------+-------------+----------+-----------------+-----------+-------+
[   19.596162] cloud-init[681]: ci-info: +++++++++++++++++++Route IPv6 info+++++++++++++++++++
[   19.601941] cloud-init[681]: ci-info: +-------+-------------+---------+-----------+-------+
[   19.623028] cloud-init[681]: ci-info: | Route | Destination | Gateway | Interface | Flags |
[   19.649127] cloud-init[681]: ci-info: +-------+-------------+---------+-----------+-------+
[   19.669040] cloud-init[681]: ci-info: |   1   |  fe80::/64  |    ::   |   enp0s3  |   U   |
[   19.705391] cloud-init[681]: ci-info: |   3   |    local    |    ::   |   enp0s3  |   U   |
[   19.727837] cloud-init[681]: ci-info: |   4   |   ff00::/8  |    ::   |   enp0s3  |   U   |
[   19.765432] cloud-init[681]: ci-info: +-------+-------------+---------+-----------+-------+
[   20.007945] cloud-init[681]: Generating public/private rsa key pair.
[   20.014584] cloud-init[681]: Your identification has been saved in /etc/ssh/ssh_host_rsa_key.
[   20.016808] cloud-init[681]: Your public key has been saved in /etc/ssh/ssh_host_rsa_key.pub.
[   20.038947] cloud-init[681]: The key fingerprint is:
[[   20.073181] cloud-init[681]: SHA256:6GiLPaj45xLWwsxgrOCM4SQ752hoNYBkolbRRWglF9U root@ubuntu-bionic
[   20.074160] cloud-init[681]: The key's randomart image is:
[   20.074369] cloud-init[681]: +---[RSA 2048]----+
[   20.074625] cloud-init[681]: |   .o.=*o..      |
[   20.074884] cloud-init[681]: |.o . +o    E     |
[   20.075149] cloud-init[681]: |B . .            |
[   20.075402] cloud-init[681]: |B*     .         |
[   20.075655] cloud-init[681]: |%B..  . S        |
[   20.075914] cloud-init[681]: |=+Oo.o           |
[   20.076594] cloud-init[681]: |.*.++ .          |
[   20.076940] cloud-init[681]: |+o++o.           |
[   20.077295] cloud-init[681]: |=oo++.           |
[   20.077656] cloud-init[681]: +----[SHA256]-----+
[   20.078014] cloud-init[681]: Generating public/private dsa key pair.
[   20.078379] cloud-init[681]: Your identification has been saved in /etc/ssh/ssh_host_dsa_key.
[   20.078746] cloud-init[681]: Your public key has been saved in /etc/ssh/ssh_host_dsa_key.pub.
[   20.079050] cloud-init[681]: The key fingerprint is:
[   20.079364] cloud-init[681]: SHA256:jYzV4dF2xgaS889UFpMMR1HQyuswnLsgJy9YxiTolVo root@ubuntu-bionic
[   20.079681] cloud-init[681]: The key's randomart image is:
[0;32m  OK  [0m] Started Initial cloud-init job (metadata service crawler).
[   20.080122] cloud-init[681]: +---[DSA 1024]----+
[[   20.404872] cloud-init[681]: |          +o.+=O*|
[   20.405066] cloud-init[681]: |         oo+o *o=|
[0;32m  OK  [0m] Reached target Cloud-config availability.
[[   20.405558] cloud-init[681]: |     . .. o+ = + |
[   20.467800] cloud-init[681]: |    . E+.o  . +  |
[   20.469171] cloud-init[681]: |   . +.+S .. = . |
[   20.469705] cloud-init[681]: |    o   +   = +  |
[   20.470238] cloud-init[681]: |       +o o  =   |
[   20.470612] cloud-init[681]: |      . .= .. .  |
[   20.471032] cloud-init[681]: |         .. ..   |
[   20.471440] cloud-init[681]: +----[SHA256]-----+
[   20.471864] cloud-init[681]: Generating public/private ecdsa key pair.
[   20.472745] cloud-init[681]: Your identification has been saved in /etc/ssh/ssh_host_ecdsa_key.
[   20.473140] cloud-init[681]: Your public key has been saved in /etc/ssh/ssh_host_ecdsa_key.pub.
[   20.473544] cloud-init[681]: The key fingerprint is:
[   20.473960] cloud-init[681]: SHA256:8wuEYYelWlloUKzE92BQVwABaZUcAtxJJqkJ9thlGEM root@ubuntu-bionic
[0;32m  OK  [0m] Reached target System Initialization.
[   20.474513] cloud-init[681]: The key's randomart image is:
[[   20.600891] cloud-init[681]: +---[ECDSA 256]---+
[   20.601279] cloud-init[681]: | .+EX%B*=o.      |
[0;32m  OK  [0m] Listening on ACPID Listen Socket.
[   20.601673] cloud-init[681]: |..o+O+XB         |
[[   20.688947] cloud-init[681]: |oo+oo=Bo.        |
[   20.689237] cloud-init[681]: |o. o.+ +.        |
[   20.690072] cloud-init[681]: |    . . S        |
[   20.690472] cloud-init[681]: |       . o       |
[   20.690831] cloud-init[681]: |        . .      |
[   20.691206] cloud-init[681]: |         . .     |
[   20.691581] cloud-init[681]: |          .      |
[   20.692143] cloud-init[681]: +----[SHA256]-----+
[0;32m  OK  [0m] Started ACPI Events Check.
[   20.692466] cloud-init[681]: Generating public/private ed25519 key pair.
[[   20.749207] cloud-init[681]: Your identification has been saved in /etc/ssh/ssh_host_ed25519_key.
[   20.749537] cloud-init[681]: Your public key has been saved in /etc/ssh/ssh_host_ed25519_key.pub.
[   20.749967] cloud-init[681]: The key fingerprint is:
[   20.750372] cloud-init[681]: SHA256:Fe0Pvb6gUS8ekdO7PoQsP13ll36ihxUqa9NGSzDVljQ root@ubuntu-bionic
[0;32m  OK  [0m] Started Daily apt download activities.
[   20.750833] cloud-init[681]: The key's randomart image is:
[[   20.865175] cloud-init[681]: +--[ED25519 256]--+
[   20.865380] cloud-init[681]: |          .. oE. |
[   20.865686] cloud-init[681]: |           .o +. |
[   20.866021] cloud-init[681]: |          .o o   |
[   20.866358] cloud-init[681]: |         .o ooo .|
[   20.866714] cloud-init[681]: |        S  +==.+o|
[   20.867033] cloud-init[681]: |          o.*+=o+|
[   20.867356] cloud-init[681]: |          .O+B+..|
[   20.867708] cloud-init[681]: |          ++B+*o.|
[0;32m  OK  [0m] Listening on UUID daemon activation socket.
[   20.867848] cloud-init[681]: |         ..oo=++.|
         [   20.976843] Starting LXD - unix socket.cloud-init[681]: 
+----[SHA256]-----+
[[0;32m  OK  [0m] Listening on Open-iSCSI iscsid Socket.
[[0;32m  OK  [0m] Listening on D-Bus System Message Bus Socket.
[[0;32m  OK  [0m] Reached target Paths.
[[0;32m  OK  [0m] Started Daily apt upgrade and clean activities.
[[0;32m  OK  [0m] Started Discard unused blocks once a week.
         Starting Socket activation for snappy daemon.
[[0;32m  OK  [0m] Started Daily Cleanup of Temporary Directories.
[[0;32m  OK  [0m] Started Message of the Day.
[[0;32m  OK  [0m] Reached target Timers.
[[0;32m  OK  [0m] Reached target Network is Online.
[[0;32m  OK  [0m] Reached target Remote File Systems (Pre).
[[0;32m  OK  [0m] Reached target Remote File Systems.
         Starting Availability of block devices...
[[0;32m  OK  [0m] Listening on LXD - unix socket.
[[0;32m  OK  [0m] Listening on Socket activation for snappy daemon.
[[0;32m  OK  [0m] Started Availability of block devices.
[[0;32m  OK  [0m] Reached target Sockets.
[[0;32m  OK  [0m] Reached target Basic System.
[[0;32m  OK  [0m] Started irqbalance daemon.
         Starting System Logging Service...
         Starting Login Service...
[[0;32m  OK  [0m] Started D-Bus System Message Bus.
[[0;32m  OK  [0m] Started Regular background program processing daemon.
         Starting Dispatcher daemon for systemd-networkd...
         Starting LSB: automatic crash report generation...
         Starting Permit User Sessions...
         Starting Snappy daemon...
         Starting Pollinate to seed the pseudo random number generator...
         Starting Virtualbox guest utils...
[[0;32m  OK  [0m] Started Deferred execution scheduler.
         Starting Accounts Service...
[[0;32m  OK  [0m] Started FUSE filesystem for LXC.
         Starting LSB: Record successful boot for GRUB...
         Starting LXD - container startup/shutdown...
[[0;32m  OK  [0m] Started System Logging Service.
[[0;32m  OK  [0m] Started Permit User Sessions.
[[0;32m  OK  [0m] Started Login Service.
[[0;32m  OK  [0m] Started Unattended Upgrades Shutdown.
         Starting Hold until boot process finishes up...
         Starting Terminate Plymouth Boot Screen...
[[0;32m  OK  [0m] Started Dispatcher daemon for systemd-networkd.
[[0;32m  OK  [0m] Started Hold until boot process finishes up.
[[0;32m  OK  [0m] Started Serial Getty on ttyS0.
         Starting Set console scheme...
[[0;32m  OK  [0m] Started Terminate Plymouth Boot Screen.
[[0;32m  OK  [0m] Started Set console scheme.
[[0;32m  OK  [0m] Created slice system-getty.slice.
[[0;32m  OK  [0m] Started Getty on tty1.
[[0;32m  OK  [0m] Reached target Login Prompts.
         Starting Authorization Manager...
[[0;32m  OK  [0m] Started LSB: automatic crash report generation.
[[0;32m  OK  [0m] Started Authorization Manager.
[[0;32m  OK  [0m] Started Accounts Service.
[[0;32m  OK  [0m] Started LXD - container startup/shutdown.
[[0;32m  OK  [0m] Started LSB: Record successful boot for GRUB.
[[0;32m  OK  [0m] Started Virtualbox guest utils.
[[0;32m  OK  [0m] Started Snappy daemon.
         Starting Wait until snapd is fully seeded...
[[0;32m  OK  [0m] Started Pollinate to seed the pseudo random number generator.
         Starting OpenBSD Secure Shell server...
[[0;32m  OK  [0m] Started OpenBSD Secure Shell server.
[[0;32m  OK  [0m] Created slice User Slice of vagrant.
         Starting User Manager for UID 1000...
[[0;32m  OK  [0m] Started Session 1 of user vagrant.
[[0;32m  OK  [0m] Started User Manager for UID 1000.
[[0;32m  OK  [0m] Started Session 3 of user vagrant.

Ubuntu 18.04.3 LTS ubuntu-bionic ttyS0

ubuntu-bionic login: [   29.133800] cloud-init[1681]: Cloud-init v. 19.1-1-gbaa47854-0ubuntu1~18.04.1 running 'modules:config' at Sat, 17 Aug 2019 05:20:55 +0000. Up 28.68 seconds.
ci-info: no authorized ssh keys fingerprints found for user ubuntu.
<14>Aug 17 05:20:55 ec2: 
<14>Aug 17 05:20:55 ec2: #############################################################
<14>Aug 17 05:20:55 ec2: -----BEGIN SSH HOST KEY FINGERPRINTS-----
<14>Aug 17 05:20:55 ec2: 1024 SHA256:jYzV4dF2xgaS889UFpMMR1HQyuswnLsgJy9YxiTolVo root@ubuntu-bionic (DSA)
<14>Aug 17 05:20:55 ec2: 256 SHA256:8wuEYYelWlloUKzE92BQVwABaZUcAtxJJqkJ9thlGEM root@ubuntu-bionic (ECDSA)
<14>Aug 17 05:20:55 ec2: 256 SHA256:Fe0Pvb6gUS8ekdO7PoQsP13ll36ihxUqa9NGSzDVljQ root@ubuntu-bionic (ED25519)
<14>Aug 17 05:20:55 ec2: 2048 SHA256:6GiLPaj45xLWwsxgrOCM4SQ752hoNYBkolbRRWglF9U root@ubuntu-bionic (RSA)
<14>Aug 17 05:20:55 ec2: -----END SSH HOST KEY FINGERPRINTS-----
<14>Aug 17 05:20:55 ec2: #############################################################
-----BEGIN SSH HOST KEY KEYS-----
ecdsa-sha2-nistp256 AAAAE2VjZHNhLXNoYTItbmlzdHAyNTYAAAAIbmlzdHAyNTYAAABBBJlM9idBjmA8oRB3G9uBuXPj4ZWea5jE8tSHh8efzIJ7Ze/SqCkkMOsAyU+xJCKJl89aswFaXXDmjQG6gMOG59Y= root@ubuntu-bionic
ssh-ed25519 AAAAC3NzaC1lZDI1NTE5AAAAIEwm40AxZwozQ4vMBGIC97llbqQYFALtHwQ8DlQDfI8N root@ubuntu-bionic
ssh-rsa AAAAB3NzaC1yc2EAAAADAQABAAABAQC2oVwOVbpZTnmq/hNYLHnNAeQCg9yWWG+6cmT8vPkcm/iYDuPiJAy49roMhgAL6Zyv9iQJ/v9z/ZBWnOOVVP+IrqmcWpwusMJY90Yj4S1FQ+lijLIsZFu+QZFTSDwmSLye+QgM4gXDTMBwN5BgZY0Ib60YiTfZmHT1MLXVL4BRrLQgp9y3ttcpi48IMu2F093TGo8k/f8VPuy4wmy+HZoHkh+58fa0PNATto8yKB3F+s6zM3aSuVZEjg3aVvjuo+jdiLSIu2kp1NvxggdwDrJ9HcnsJVMoDJ1jALGnmZwP4ubwsLtH6i1cbOriR8wBl5t1wB8mGzv0B4q8sMJaByUB root@ubuntu-bionic
-----END SSH HOST KEY KEYS-----
[   29.639909] cloud-init[1815]: Cloud-init v. 19.1-1-gbaa47854-0ubuntu1~18.04.1 running 'modules:final' at Sat, 17 Aug 2019 05:20:55 +0000. Up 29.51 seconds.
[   29.639972] cloud-init[1815]: ci-info: no authorized ssh keys fingerprints found for user ubuntu.
[   29.640006] cloud-init[1815]: Cloud-init v. 19.1-1-gbaa47854-0ubuntu1~18.04.1 finished at Sat, 17 Aug 2019 05:20:55 +0000. Datasource DataSourceNoCloud [seed=/dev/sdb][dsmode=net].  Up 29.63 seconds
